
[2026-07-31 03:20:33] $ /usr/bin/python3 /home/an/RaybanMeta/uav-continual-learning/scripts/run_g1.py --config /home/an/RaybanMeta/uav-continual-learning/configs/g1_resisc45.yaml --method ncm --skip-existing --set seed=2 data.split_protocol=combined31500_v2 data.expected_total_samples=31500 data.expected_samples_per_class=700 data.prototype_batch_size=32 log.run_tag=ncm-frozen log.dir=/home/an/RaybanMeta/uav-continual-learning/artifacts_ncm_head_study
== G1 run: dataset=resisc45 method=ncm seed=2 device=cuda
Warning: You are sending unauthenticated requests to the HF Hub. Please set a HF_TOKEN to enable higher rate limits and faster downloads.
task 0: 5 classes [chaparral, cloud, meadow, roundabout, stadium] | train 2800 / val 350 / test 350
task 1: 5 classes [beach, golf_course, lake, overpass, rectangular_farmland] | train 2800 / val 350 / test 350
task 2: 5 classes [industrial_area, island, mobile_home_park, ship, wetland] | train 2800 / val 350 / test 350
task 3: 5 classes [church, railway_station, runway, snowberg, terrace] | train 2800 / val 350 / test 350
task 4: 5 classes [airplane, dense_residential, desert, parking_lot, sea_ice] | train 2800 / val 350 / test 350
task 5: 5 classes [airport, circular_farmland, freeway, railway, sparse_residential] | train 2800 / val 350 / test 350
task 6: 5 classes [harbor, mountain, palace, river, tennis_court] | train 2800 / val 350 / test 350
task 7: 5 classes [baseball_diamond, forest, ground_track_field, intersection, storage_tank] | train 2800 / val 350 / test 350
task 8: 5 classes [basketball_court, bridge, commercial_area, medium_residential, thermal_power_station] | train 2800 / val 350 / test 350
[task 0] classes=[6, 9, 22, 33, 39] | train=2800
[task 0] test acc so far: 0.946
[checkpoint] đã lưu tiến độ sau task 0
[task 1] classes=[4, 15, 21, 26, 31] | train=2800
[task 1] test acc so far: 0.894  0.871
[checkpoint] đã lưu tiến độ sau task 1
[task 2] classes=[18, 20, 24, 36, 44] | train=2800
[task 2] test acc so far: 0.860  0.811  0.837
[checkpoint] đã lưu tiến độ sau task 2
[task 3] classes=[7, 30, 34, 37, 42] | train=2800
[task 3] test acc so far: 0.840  0.774  0.800  0.826
[checkpoint] đã lưu tiến độ sau task 3
[task 4] classes=[0, 11, 12, 28, 35] | train=2800
[task 4] test acc so far: 0.834  0.771  0.774  0.817  0.809
[checkpoint] đã lưu tiến độ sau task 4
[task 5] classes=[1, 8, 14, 29, 38] | train=2800
[task 5] test acc so far: 0.826  0.731  0.754  0.791  0.800  0.771
[checkpoint] đã lưu tiến độ sau task 5
[task 6] classes=[17, 25, 27, 32, 41] | train=2800
[task 6] test acc so far: 0.820  0.717  0.734  0.749  0.777  0.757  0.729
[checkpoint] đã lưu tiến độ sau task 6
[task 7] classes=[2, 13, 16, 19, 40] | train=2800
[task 7] test acc so far: 0.794  0.711  0.726  0.740  0.766  0.740  0.717  0.686
[checkpoint] đã lưu tiến độ sau task 7
[task 8] classes=[3, 5, 10, 23, 43] | train=2800
[task 8] test acc so far: 0.794  0.703  0.706  0.729  0.751  0.729  0.671  0.654  0.666
[checkpoint] đã lưu tiến độ sau task 8

== Ma trận accuracy (hàng = sau khi học task i, cột = đánh giá task j)
[[0.946 0.    0.    0.    0.    0.    0.    0.    0.   ]
 [0.894 0.871 0.    0.    0.    0.    0.    0.    0.   ]
 [0.86  0.811 0.837 0.    0.    0.    0.    0.    0.   ]
 [0.84  0.774 0.8   0.826 0.    0.    0.    0.    0.   ]
 [0.834 0.771 0.774 0.817 0.809 0.    0.    0.    0.   ]
 [0.826 0.731 0.754 0.791 0.8   0.771 0.    0.    0.   ]
 [0.82  0.717 0.734 0.749 0.777 0.757 0.729 0.    0.   ]
 [0.794 0.711 0.726 0.74  0.766 0.74  0.717 0.686 0.   ]
 [0.794 0.703 0.706 0.729 0.751 0.729 0.671 0.654 0.666]]

== Kết quả
  Average Accuracy   : 0.7114  (cao = tốt)
  Average Forgetting : 0.0921  (thấp = tốt — con số dự án cần giảm)
  Backward Transfer  : -0.0921  (âm = quên)
  Saved -> /home/an/RaybanMeta/uav-continual-learning/artifacts_ncm_head_study/results/resisc45_ncm_seed2_ncm-frozen_splitcombined31500_v2
