
[2026-07-30 14:49:00] $ /usr/bin/python3 /home/an/RaybanMeta/uav-continual-learning/scripts/run_g1.py --config /home/an/RaybanMeta/uav-continual-learning/configs/g2_titans_ncm_smoke.yaml --method titans --skip-existing --set log.dir=/home/an/RaybanMeta/uav-continual-learning/artifacts_ncm_head_study
== G1 run: dataset=synthetic method=titans seed=0 device=cuda
task 0: 2 classes [class_2, class_4] | train 16 / val 8 / test 8
task 1: 2 classes [class_0, class_1] | train 16 / val 8 / test 8
task 2: 2 classes [class_3, class_5] | train 16 / val 8 / test 8
[titans] seq=image_seq reset=never chunk=8
[task 0] classes=[2, 4] | train=16

  epoch 1/1:   0%|          | 0/2 [00:00<?, ?it/s]
  epoch 1/1:   0%|          | 0/2 [00:03<?, ?it/s, loss=0.777]
  epoch 1/1:  50%|█████     | 1/2 [00:03<00:03,  3.21s/it, loss=0.777]
  epoch 1/1:  50%|█████     | 1/2 [00:03<00:03,  3.21s/it, loss=0.653]
  epoch 1/1: 100%|██████████| 2/2 [00:03<00:00,  1.41s/it, loss=0.653]
                                                                      
[titans] reset=never | norm(state) sau task = 39.5963
[titans]   self-mod v:β=1.00 |W|=0.00
[titans]   eta_t(avg)=-0.8519  alpha_t/forget-gate(avg)=0.4911
[task 0] test acc so far: 0.500
[task 0] NCM-online acc so far: 1.000
[task 0] NCM-posthoc acc so far: 1.000
[task 1] classes=[0, 1] | train=16

  epoch 1/1:   0%|          | 0/2 [00:00<?, ?it/s]
  epoch 1/1:   0%|          | 0/2 [00:00<?, ?it/s, loss=0.639]
  epoch 1/1:   0%|          | 0/2 [00:00<?, ?it/s, loss=0.611]
  epoch 1/1: 100%|██████████| 2/2 [00:00<00:00, 15.00it/s, loss=0.611]
                                                                      
[titans] reset=never | norm(state) sau task = 45.6597
[titans]   self-mod v:β=1.00 |W|=0.01
[titans]   eta_t(avg)=-0.8050  alpha_t/forget-gate(avg)=0.4915
[task 1] test acc so far: 0.500  0.500
[task 1] NCM-online acc so far: 0.000  1.000
[task 1] NCM-posthoc acc so far: 1.000  1.000
[task 2] classes=[3, 5] | train=16

  epoch 1/1:   0%|          | 0/2 [00:00<?, ?it/s]
  epoch 1/1:   0%|          | 0/2 [00:00<?, ?it/s, loss=0.718]
  epoch 1/1:   0%|          | 0/2 [00:00<?, ?it/s, loss=0.706]
  epoch 1/1: 100%|██████████| 2/2 [00:00<00:00, 15.43it/s, loss=0.706]
                                                                      
[titans] reset=never | norm(state) sau task = 46.9368
[titans]   self-mod v:β=1.00 |W|=0.02
[titans]   eta_t(avg)=-0.9076  alpha_t/forget-gate(avg)=0.4701
[task 2] test acc so far: 0.000  0.750  0.000
[task 2] NCM-online acc so far: 0.000  0.000  1.000
[task 2] NCM-posthoc acc so far: 1.000  1.000  1.000
  memory_state.pt đã lưu (norm=46.9368)

== Ma trận accuracy (hàng = sau khi học task i, cột = đánh giá task j)
[[0.5  0.   0.  ]
 [0.5  0.5  0.  ]
 [0.   0.75 0.  ]]

== Kết quả
  Average Accuracy   : 0.2500  (cao = tốt)
  Average Forgetting : 0.1250  (thấp = tốt — con số dự án cần giảm)
  Backward Transfer  : -0.1250  (âm = quên)

== NCM feature readouts
  Linear              : Acc 0.2500 | Forget 0.1250
  NCM online          : Acc 0.3333 | Forget 1.0000
  NCM post-hoc oracle : Acc 1.0000 | Forget 0.0000
  checkpoint.pt đã lưu (model + Titans state + online NCM)
  Saved -> /home/an/RaybanMeta/uav-continual-learning/artifacts_ncm_head_study/results/synthetic_titans_seed0_smoke_m3_delta_clip_f16_lr0.005_rnever_optkeep_splitsynthetic_ncm_smoke
