
[2026-07-26 11:19:02] $ /usr/bin/python3 /home/an/RaybanMeta/uav-continual-learning/scripts/run_g1.py --config /home/an/RaybanMeta/uav-continual-learning/configs/g2_titans_resisc45_selfmod_m3_legacy.yaml --skip-existing --set seed=1 train.lr=0.005 train.eval_ncm_head=true train.max_state_norm=10000 train.max_state_norm_growth=10 log.dir=/home/an/RaybanMeta/uav-continual-learning/artifacts/titan_m3_study log.run_tag=legacy
== G1 run: dataset=resisc45 method=titans seed=1 device=cuda
Warning: You are sending unauthenticated requests to the HF Hub. Please set a HF_TOKEN to enable higher rate limits and faster downloads.
task 0: 5 classes [baseball_diamond, bridge, cloud, river, terrace] | train 2800 / val 350 / test 350
task 1: 5 classes [dense_residential, desert, golf_course, medium_residential, mountain] | train 2800 / val 350 / test 350
task 2: 5 classes [island, palace, railway, runway, snowberg] | train 2800 / val 350 / test 350
task 3: 5 classes [commercial_area, harbor, lake, overpass, tennis_court] | train 2800 / val 350 / test 350
task 4: 5 classes [basketball_court, freeway, industrial_area, storage_tank, wetland] | train 2800 / val 350 / test 350
task 5: 5 classes [airplane, intersection, meadow, roundabout, sparse_residential] | train 2800 / val 350 / test 350
task 6: 5 classes [airport, chaparral, sea_ice, stadium, thermal_power_station] | train 2800 / val 350 / test 350
task 7: 5 classes [forest, mobile_home_park, parking_lot, railway_station, rectangular_farmland] | train 2800 / val 350 / test 350
task 8: 5 classes [beach, church, circular_farmland, ground_track_field, ship] | train 2800 / val 350 / test 350
[titans] seq=image_seq reset=never chunk=32
[task 0] classes=[2, 5, 9, 32, 42] | train=2800

  epoch 1/3:   0%|          | 0/88 [00:00<?, ?it/s]
  epoch 1/3:   0%|          | 0/88 [00:01<?, ?it/s, loss=1.695]
  epoch 1/3:   1%|          | 1/88 [00:01<02:01,  1.40s/it, loss=1.695]
  epoch 1/3:   1%|          | 1/88 [00:01<02:01,  1.40s/it, loss=1.639]
  epoch 1/3:   2%|▏         | 2/88 [00:01<01:03,  1.36it/s, loss=1.639]
  epoch 1/3:   2%|▏         | 2/88 [00:01<01:03,  1.36it/s, loss=1.332]
  epoch 1/3:   3%|▎         | 3/88 [00:01<00:43,  1.94it/s, loss=1.332]
  epoch 1/3:   3%|▎         | 3/88 [00:02<00:43,  1.94it/s, loss=1.225]
  epoch 1/3:   5%|▍         | 4/88 [00:02<00:34,  2.44it/s, loss=1.225]
  epoch 1/3:   5%|▍         | 4/88 [00:02<00:34,  2.44it/s, loss=1.248]
  epoch 1/3:   6%|▌         | 5/88 [00:02<00:29,  2.82it/s, loss=1.248]
  epoch 1/3:   6%|▌         | 5/88 [00:02<00:29,  2.82it/s, loss=1.136]
  epoch 1/3:   7%|▋         | 6/88 [00:02<00:26,  3.13it/s, loss=1.136]
  epoch 1/3:   7%|▋         | 6/88 [00:02<00:26,  3.13it/s, loss=1.007]
  epoch 1/3:   8%|▊         | 7/88 [00:02<00:24,  3.34it/s, loss=1.007]
  epoch 1/3:   8%|▊         | 7/88 [00:03<00:24,  3.34it/s, loss=0.917]
  epoch 1/3:   9%|▉         | 8/88 [00:03<00:22,  3.51it/s, loss=0.917]
  epoch 1/3:   9%|▉         | 8/88 [00:03<00:22,  3.51it/s, loss=0.887]
  epoch 1/3:  10%|█         | 9/88 [00:03<00:21,  3.63it/s, loss=0.887]
  epoch 1/3:  10%|█         | 9/88 [00:03<00:21,  3.63it/s, loss=0.824]
  epoch 1/3:  11%|█▏        | 10/88 [00:03<00:21,  3.69it/s, loss=0.824]
  epoch 1/3:  11%|█▏        | 10/88 [00:03<00:21,  3.69it/s, loss=0.769]
  epoch 1/3:  12%|█▎        | 11/88 [00:03<00:20,  3.78it/s, loss=0.769]
  epoch 1/3:  12%|█▎        | 11/88 [00:04<00:20,  3.78it/s, loss=0.723]
  epoch 1/3:  14%|█▎        | 12/88 [00:04<00:19,  3.81it/s, loss=0.723]
  epoch 1/3:  14%|█▎        | 12/88 [00:04<00:19,  3.81it/s, loss=0.759]
  epoch 1/3:  15%|█▍        | 13/88 [00:04<00:19,  3.85it/s, loss=0.759]
  epoch 1/3:  15%|█▍        | 13/88 [00:04<00:19,  3.85it/s, loss=0.711]
  epoch 1/3:  16%|█▌        | 14/88 [00:04<00:19,  3.87it/s, loss=0.711]
  epoch 1/3:  16%|█▌        | 14/88 [00:04<00:19,  3.87it/s, loss=0.707]
  epoch 1/3:  17%|█▋        | 15/88 [00:04<00:18,  3.86it/s, loss=0.707]
  epoch 1/3:  17%|█▋        | 15/88 [00:05<00:18,  3.86it/s, loss=0.679]
  epoch 1/3:  18%|█▊        | 16/88 [00:05<00:18,  3.81it/s, loss=0.679]
  epoch 1/3:  18%|█▊        | 16/88 [00:05<00:18,  3.81it/s, loss=0.693]
  epoch 1/3:  19%|█▉        | 17/88 [00:05<00:18,  3.83it/s, loss=0.693]
  epoch 1/3:  19%|█▉        | 17/88 [00:05<00:18,  3.83it/s, loss=0.681]
  epoch 1/3:  20%|██        | 18/88 [00:05<00:18,  3.83it/s, loss=0.681]
  epoch 1/3:  20%|██        | 18/88 [00:06<00:18,  3.83it/s, loss=0.694]
  epoch 1/3:  22%|██▏       | 19/88 [00:06<00:17,  3.87it/s, loss=0.694]
  epoch 1/3:  22%|██▏       | 19/88 [00:06<00:17,  3.87it/s, loss=0.726]
  epoch 1/3:  23%|██▎       | 20/88 [00:06<00:17,  3.87it/s, loss=0.726]
  epoch 1/3:  23%|██▎       | 20/88 [00:06<00:17,  3.87it/s, loss=0.737]
  epoch 1/3:  24%|██▍       | 21/88 [00:06<00:17,  3.86it/s, loss=0.737]
  epoch 1/3:  24%|██▍       | 21/88 [00:06<00:17,  3.86it/s, loss=0.750]
  epoch 1/3:  25%|██▌       | 22/88 [00:06<00:17,  3.85it/s, loss=0.750]
  epoch 1/3:  25%|██▌       | 22/88 [00:07<00:17,  3.85it/s, loss=0.733]
  epoch 1/3:  26%|██▌       | 23/88 [00:07<00:16,  3.85it/s, loss=0.733]
  epoch 1/3:  26%|██▌       | 23/88 [00:07<00:16,  3.85it/s, loss=0.756]
  epoch 1/3:  27%|██▋       | 24/88 [00:07<00:16,  3.86it/s, loss=0.756]
  epoch 1/3:  27%|██▋       | 24/88 [00:07<00:16,  3.86it/s, loss=0.756]
  epoch 1/3:  28%|██▊       | 25/88 [00:07<00:16,  3.86it/s, loss=0.756]
  epoch 1/3:  28%|██▊       | 25/88 [00:07<00:16,  3.86it/s, loss=0.761]
  epoch 1/3:  30%|██▉       | 26/88 [00:07<00:16,  3.85it/s, loss=0.761]
  epoch 1/3:  30%|██▉       | 26/88 [00:08<00:16,  3.85it/s, loss=0.756]
  epoch 1/3:  31%|███       | 27/88 [00:08<00:15,  3.84it/s, loss=0.756]
  epoch 1/3:  31%|███       | 27/88 [00:08<00:15,  3.84it/s, loss=0.760]
  epoch 1/3:  32%|███▏      | 28/88 [00:08<00:15,  3.83it/s, loss=0.760]
  epoch 1/3:  32%|███▏      | 28/88 [00:08<00:15,  3.83it/s, loss=0.743]
  epoch 1/3:  33%|███▎      | 29/88 [00:08<00:15,  3.82it/s, loss=0.743]
  epoch 1/3:  33%|███▎      | 29/88 [00:08<00:15,  3.82it/s, loss=0.743]
  epoch 1/3:  34%|███▍      | 30/88 [00:08<00:15,  3.81it/s, loss=0.743]
  epoch 1/3:  34%|███▍      | 30/88 [00:09<00:15,  3.81it/s, loss=0.785]
  epoch 1/3:  35%|███▌      | 31/88 [00:09<00:14,  3.81it/s, loss=0.785]
  epoch 1/3:  35%|███▌      | 31/88 [00:09<00:14,  3.81it/s, loss=0.785]
  epoch 1/3:  36%|███▋      | 32/88 [00:09<00:14,  3.76it/s, loss=0.785]
  epoch 1/3:  36%|███▋      | 32/88 [00:09<00:14,  3.76it/s, loss=0.768]
  epoch 1/3:  38%|███▊      | 33/88 [00:09<00:14,  3.79it/s, loss=0.768]
  epoch 1/3:  38%|███▊      | 33/88 [00:09<00:14,  3.79it/s, loss=0.794]
  epoch 1/3:  39%|███▊      | 34/88 [00:09<00:14,  3.81it/s, loss=0.794]
  epoch 1/3:  39%|███▊      | 34/88 [00:10<00:14,  3.81it/s, loss=0.780]
  epoch 1/3:  40%|███▉      | 35/88 [00:10<00:13,  3.81it/s, loss=0.780]
  epoch 1/3:  40%|███▉      | 35/88 [00:10<00:13,  3.81it/s, loss=0.795]
  epoch 1/3:  41%|████      | 36/88 [00:10<00:13,  3.80it/s, loss=0.795]
  epoch 1/3:  41%|████      | 36/88 [00:10<00:13,  3.80it/s, loss=0.797]
  epoch 1/3:  42%|████▏     | 37/88 [00:10<00:13,  3.80it/s, loss=0.797]
  epoch 1/3:  42%|████▏     | 37/88 [00:11<00:13,  3.80it/s, loss=0.791]
  epoch 1/3:  43%|████▎     | 38/88 [00:11<00:13,  3.80it/s, loss=0.791]
  epoch 1/3:  43%|████▎     | 38/88 [00:11<00:13,  3.80it/s, loss=0.793]
  epoch 1/3:  44%|████▍     | 39/88 [00:11<00:12,  3.80it/s, loss=0.793]
  epoch 1/3:  44%|████▍     | 39/88 [00:11<00:12,  3.80it/s, loss=0.781]
  epoch 1/3:  45%|████▌     | 40/88 [00:11<00:12,  3.80it/s, loss=0.781]
  epoch 1/3:  45%|████▌     | 40/88 [00:11<00:12,  3.80it/s, loss=0.770]
  epoch 1/3:  47%|████▋     | 41/88 [00:11<00:12,  3.80it/s, loss=0.770]
  epoch 1/3:  47%|████▋     | 41/88 [00:12<00:12,  3.80it/s, loss=0.791]
  epoch 1/3:  48%|████▊     | 42/88 [00:12<00:12,  3.80it/s, loss=0.791]
  epoch 1/3:  48%|████▊     | 42/88 [00:12<00:12,  3.80it/s, loss=0.788]
  epoch 1/3:  49%|████▉     | 43/88 [00:12<00:11,  3.79it/s, loss=0.788]
  epoch 1/3:  49%|████▉     | 43/88 [00:12<00:11,  3.79it/s, loss=0.774]
  epoch 1/3:  50%|█████     | 44/88 [00:12<00:11,  3.79it/s, loss=0.774]
  epoch 1/3:  50%|█████     | 44/88 [00:12<00:11,  3.79it/s, loss=0.772]
  epoch 1/3:  51%|█████     | 45/88 [00:12<00:11,  3.80it/s, loss=0.772]
  epoch 1/3:  51%|█████     | 45/88 [00:13<00:11,  3.80it/s, loss=0.789]
  epoch 1/3:  52%|█████▏    | 46/88 [00:13<00:11,  3.79it/s, loss=0.789]
  epoch 1/3:  52%|█████▏    | 46/88 [00:13<00:11,  3.79it/s, loss=0.786]
  epoch 1/3:  53%|█████▎    | 47/88 [00:13<00:10,  3.79it/s, loss=0.786]
  epoch 1/3:  53%|█████▎    | 47/88 [00:13<00:10,  3.79it/s, loss=0.796]
  epoch 1/3:  55%|█████▍    | 48/88 [00:13<00:10,  3.74it/s, loss=0.796]
  epoch 1/3:  55%|█████▍    | 48/88 [00:13<00:10,  3.74it/s, loss=0.810]
  epoch 1/3:  56%|█████▌    | 49/88 [00:13<00:10,  3.76it/s, loss=0.810]
  epoch 1/3:  56%|█████▌    | 49/88 [00:14<00:10,  3.76it/s, loss=0.817]
  epoch 1/3:  57%|█████▋    | 50/88 [00:14<00:10,  3.74it/s, loss=0.817]
  epoch 1/3:  57%|█████▋    | 50/88 [00:14<00:10,  3.74it/s, loss=0.840]
  epoch 1/3:  58%|█████▊    | 51/88 [00:14<00:09,  3.76it/s, loss=0.840]
  epoch 1/3:  58%|█████▊    | 51/88 [00:14<00:09,  3.76it/s, loss=0.846]
  epoch 1/3:  59%|█████▉    | 52/88 [00:14<00:09,  3.76it/s, loss=0.846]
  epoch 1/3:  59%|█████▉    | 52/88 [00:14<00:09,  3.76it/s, loss=0.845]
  epoch 1/3:  60%|██████    | 53/88 [00:14<00:09,  3.76it/s, loss=0.845]
  epoch 1/3:  60%|██████    | 53/88 [00:15<00:09,  3.76it/s, loss=0.869]
  epoch 1/3:  61%|██████▏   | 54/88 [00:15<00:09,  3.76it/s, loss=0.869]
  epoch 1/3:  61%|██████▏   | 54/88 [00:15<00:09,  3.76it/s, loss=0.874]
  epoch 1/3:  62%|██████▎   | 55/88 [00:15<00:08,  3.75it/s, loss=0.874]
  epoch 1/3:  62%|██████▎   | 55/88 [00:15<00:08,  3.75it/s, loss=0.875]
  epoch 1/3:  64%|██████▎   | 56/88 [00:15<00:08,  3.74it/s, loss=0.875]
  epoch 1/3:  64%|██████▎   | 56/88 [00:16<00:08,  3.74it/s, loss=0.862]
  epoch 1/3:  65%|██████▍   | 57/88 [00:16<00:08,  3.74it/s, loss=0.862]
  epoch 1/3:  65%|██████▍   | 57/88 [00:16<00:08,  3.74it/s, loss=0.849]
  epoch 1/3:  66%|██████▌   | 58/88 [00:16<00:08,  3.74it/s, loss=0.849]
  epoch 1/3:  66%|██████▌   | 58/88 [00:16<00:08,  3.74it/s, loss=0.844]
  epoch 1/3:  67%|██████▋   | 59/88 [00:16<00:07,  3.74it/s, loss=0.844]
  epoch 1/3:  67%|██████▋   | 59/88 [00:16<00:07,  3.74it/s, loss=0.844]
  epoch 1/3:  68%|██████▊   | 60/88 [00:16<00:07,  3.72it/s, loss=0.844]
  epoch 1/3:  68%|██████▊   | 60/88 [00:17<00:07,  3.72it/s, loss=0.877]
  epoch 1/3:  69%|██████▉   | 61/88 [00:17<00:07,  3.68it/s, loss=0.877]
  epoch 1/3:  69%|██████▉   | 61/88 [00:17<00:07,  3.68it/s, loss=0.883]
  epoch 1/3:  70%|███████   | 62/88 [00:17<00:07,  3.67it/s, loss=0.883]
  epoch 1/3:  70%|███████   | 62/88 [00:17<00:07,  3.67it/s, loss=0.894]
  epoch 1/3:  72%|███████▏  | 63/88 [00:17<00:06,  3.67it/s, loss=0.894]
  epoch 1/3:  72%|███████▏  | 63/88 [00:17<00:06,  3.67it/s, loss=0.902]
  epoch 1/3:  73%|███████▎  | 64/88 [00:17<00:06,  3.62it/s, loss=0.902]
  epoch 1/3:  73%|███████▎  | 64/88 [00:18<00:06,  3.62it/s, loss=0.893]
  epoch 1/3:  74%|███████▍  | 65/88 [00:18<00:06,  3.64it/s, loss=0.893]
  epoch 1/3:  74%|███████▍  | 65/88 [00:18<00:06,  3.64it/s, loss=0.893]
  epoch 1/3:  75%|███████▌  | 66/88 [00:18<00:05,  3.67it/s, loss=0.893]
  epoch 1/3:  75%|███████▌  | 66/88 [00:18<00:05,  3.67it/s, loss=0.895]
  epoch 1/3:  76%|███████▌  | 67/88 [00:18<00:05,  3.67it/s, loss=0.895]
  epoch 1/3:  76%|███████▌  | 67/88 [00:19<00:05,  3.67it/s, loss=0.909]
  epoch 1/3:  77%|███████▋  | 68/88 [00:19<00:05,  3.66it/s, loss=0.909]
  epoch 1/3:  77%|███████▋  | 68/88 [00:19<00:05,  3.66it/s, loss=0.896]
  epoch 1/3:  78%|███████▊  | 69/88 [00:19<00:05,  3.68it/s, loss=0.896]
  epoch 1/3:  78%|███████▊  | 69/88 [00:19<00:05,  3.68it/s, loss=0.892]
  epoch 1/3:  80%|███████▉  | 70/88 [00:19<00:04,  3.67it/s, loss=0.892]
  epoch 1/3:  80%|███████▉  | 70/88 [00:19<00:04,  3.67it/s, loss=0.887]
  epoch 1/3:  81%|████████  | 71/88 [00:19<00:04,  3.67it/s, loss=0.887]
  epoch 1/3:  81%|████████  | 71/88 [00:20<00:04,  3.67it/s, loss=0.892]
  epoch 1/3:  82%|████████▏ | 72/88 [00:20<00:04,  3.66it/s, loss=0.892]
  epoch 1/3:  82%|████████▏ | 72/88 [00:20<00:04,  3.66it/s, loss=0.883]
  epoch 1/3:  83%|████████▎ | 73/88 [00:20<00:04,  3.67it/s, loss=0.883]
  epoch 1/3:  83%|████████▎ | 73/88 [00:20<00:04,  3.67it/s, loss=0.887]
  epoch 1/3:  84%|████████▍ | 74/88 [00:20<00:03,  3.66it/s, loss=0.887]
  epoch 1/3:  84%|████████▍ | 74/88 [00:20<00:03,  3.66it/s, loss=0.892]
  epoch 1/3:  85%|████████▌ | 75/88 [00:20<00:03,  3.66it/s, loss=0.892]
  epoch 1/3:  85%|████████▌ | 75/88 [00:21<00:03,  3.66it/s, loss=0.881]
  epoch 1/3:  86%|████████▋ | 76/88 [00:21<00:03,  3.65it/s, loss=0.881]
  epoch 1/3:  86%|████████▋ | 76/88 [00:21<00:03,  3.65it/s, loss=0.875]
  epoch 1/3:  88%|████████▊ | 77/88 [00:21<00:03,  3.66it/s, loss=0.875]
  epoch 1/3:  88%|████████▊ | 77/88 [00:21<00:03,  3.66it/s, loss=0.877]
  epoch 1/3:  89%|████████▊ | 78/88 [00:21<00:02,  3.64it/s, loss=0.877]
  epoch 1/3:  89%|████████▊ | 78/88 [00:22<00:02,  3.64it/s, loss=0.903]
  epoch 1/3:  90%|████████▉ | 79/88 [00:22<00:02,  3.65it/s, loss=0.903]
  epoch 1/3:  90%|████████▉ | 79/88 [00:22<00:02,  3.65it/s, loss=0.913]
  epoch 1/3:  91%|█████████ | 80/88 [00:22<00:02,  3.60it/s, loss=0.913]
  epoch 1/3:  91%|█████████ | 80/88 [00:22<00:02,  3.60it/s, loss=0.901]
  epoch 1/3:  92%|█████████▏| 81/88 [00:22<00:01,  3.62it/s, loss=0.901]
  epoch 1/3:  92%|█████████▏| 81/88 [00:22<00:01,  3.62it/s, loss=0.896]
  epoch 1/3:  93%|█████████▎| 82/88 [00:22<00:01,  3.64it/s, loss=0.896]
  epoch 1/3:  93%|█████████▎| 82/88 [00:23<00:01,  3.64it/s, loss=0.890]
  epoch 1/3:  94%|█████████▍| 83/88 [00:23<00:01,  3.62it/s, loss=0.890]
  epoch 1/3:  94%|█████████▍| 83/88 [00:23<00:01,  3.62it/s, loss=0.881]
  epoch 1/3:  95%|█████████▌| 84/88 [00:23<00:01,  3.62it/s, loss=0.881]
  epoch 1/3:  95%|█████████▌| 84/88 [00:23<00:01,  3.62it/s, loss=0.878]
  epoch 1/3:  97%|█████████▋| 85/88 [00:23<00:00,  3.63it/s, loss=0.878]
  epoch 1/3:  97%|█████████▋| 85/88 [00:24<00:00,  3.63it/s, loss=0.876]
  epoch 1/3:  98%|█████████▊| 86/88 [00:24<00:00,  3.61it/s, loss=0.876]
  epoch 1/3:  98%|█████████▊| 86/88 [00:24<00:00,  3.61it/s, loss=0.894]
  epoch 1/3:  99%|█████████▉| 87/88 [00:24<00:00,  3.61it/s, loss=0.894]
  epoch 1/3:  99%|█████████▉| 87/88 [00:24<00:00,  3.61it/s, loss=0.899]
  epoch 1/3: 100%|██████████| 88/88 [00:24<00:00,  3.95it/s, loss=0.899]
                                                                        

  epoch 2/3:   0%|          | 0/88 [00:00<?, ?it/s]
  epoch 2/3:   0%|          | 0/88 [00:00<?, ?it/s, loss=1.444]
  epoch 2/3:   1%|          | 1/88 [00:00<00:41,  2.08it/s, loss=1.444]
  epoch 2/3:   1%|          | 1/88 [00:00<00:41,  2.08it/s, loss=1.468]
  epoch 2/3:   2%|▏         | 2/88 [00:00<00:31,  2.76it/s, loss=1.468]
  epoch 2/3:   2%|▏         | 2/88 [00:01<00:31,  2.76it/s, loss=1.174]
  epoch 2/3:   3%|▎         | 3/88 [00:01<00:27,  3.10it/s, loss=1.174]
  epoch 2/3:   3%|▎         | 3/88 [00:01<00:27,  3.10it/s, loss=1.417]
  epoch 2/3:   5%|▍         | 4/88 [00:01<00:25,  3.26it/s, loss=1.417]
  epoch 2/3:   5%|▍         | 4/88 [00:01<00:25,  3.26it/s, loss=1.516]
  epoch 2/3:   6%|▌         | 5/88 [00:01<00:24,  3.36it/s, loss=1.516]
  epoch 2/3:   6%|▌         | 5/88 [00:01<00:24,  3.36it/s, loss=1.265]
  epoch 2/3:   7%|▋         | 6/88 [00:01<00:23,  3.43it/s, loss=1.265]
  epoch 2/3:   7%|▋         | 6/88 [00:02<00:23,  3.43it/s, loss=1.085]
  epoch 2/3:   8%|▊         | 7/88 [00:02<00:23,  3.47it/s, loss=1.085]
  epoch 2/3:   8%|▊         | 7/88 [00:02<00:23,  3.47it/s, loss=0.953]
  epoch 2/3:   9%|▉         | 8/88 [00:02<00:23,  3.46it/s, loss=0.953]
  epoch 2/3:   9%|▉         | 8/88 [00:02<00:23,  3.46it/s, loss=1.062]
  epoch 2/3:  10%|█         | 9/88 [00:02<00:22,  3.50it/s, loss=1.062]
  epoch 2/3:  10%|█         | 9/88 [00:03<00:22,  3.50it/s, loss=1.040]
  epoch 2/3:  11%|█▏        | 10/88 [00:03<00:22,  3.52it/s, loss=1.040]
  epoch 2/3:  11%|█▏        | 10/88 [00:03<00:22,  3.52it/s, loss=1.160]
  epoch 2/3:  12%|█▎        | 11/88 [00:03<00:21,  3.56it/s, loss=1.160]
  epoch 2/3:  12%|█▎        | 11/88 [00:03<00:21,  3.56it/s, loss=1.099]
  epoch 2/3:  14%|█▎        | 12/88 [00:03<00:21,  3.55it/s, loss=1.099]
  epoch 2/3:  14%|█▎        | 12/88 [00:03<00:21,  3.55it/s, loss=1.107]
  epoch 2/3:  15%|█▍        | 13/88 [00:03<00:21,  3.55it/s, loss=1.107]
  epoch 2/3:  15%|█▍        | 13/88 [00:04<00:21,  3.55it/s, loss=1.148]
  epoch 2/3:  16%|█▌        | 14/88 [00:04<00:20,  3.54it/s, loss=1.148]
  epoch 2/3:  16%|█▌        | 14/88 [00:04<00:20,  3.54it/s, loss=1.181]
  epoch 2/3:  17%|█▋        | 15/88 [00:04<00:20,  3.55it/s, loss=1.181]
  epoch 2/3:  17%|█▋        | 15/88 [00:04<00:20,  3.55it/s, loss=1.153]
  epoch 2/3:  18%|█▊        | 16/88 [00:04<00:20,  3.56it/s, loss=1.153]
  epoch 2/3:  18%|█▊        | 16/88 [00:04<00:20,  3.56it/s, loss=1.164]
  epoch 2/3:  19%|█▉        | 17/88 [00:04<00:19,  3.58it/s, loss=1.164]
  epoch 2/3:  19%|█▉        | 17/88 [00:05<00:19,  3.58it/s, loss=1.111]
  epoch 2/3:  20%|██        | 18/88 [00:05<00:19,  3.58it/s, loss=1.111]
  epoch 2/3:  20%|██        | 18/88 [00:05<00:19,  3.58it/s, loss=1.052]
  epoch 2/3:  22%|██▏       | 19/88 [00:05<00:19,  3.56it/s, loss=1.052]
  epoch 2/3:  22%|██▏       | 19/88 [00:05<00:19,  3.56it/s, loss=1.041]
  epoch 2/3:  23%|██▎       | 20/88 [00:05<00:19,  3.54it/s, loss=1.041]
  epoch 2/3:  23%|██▎       | 20/88 [00:06<00:19,  3.54it/s, loss=1.062]
  epoch 2/3:  24%|██▍       | 21/88 [00:06<00:18,  3.54it/s, loss=1.062]
  epoch 2/3:  24%|██▍       | 21/88 [00:06<00:18,  3.54it/s, loss=1.035]
  epoch 2/3:  25%|██▌       | 22/88 [00:06<00:18,  3.53it/s, loss=1.035]
  epoch 2/3:  25%|██▌       | 22/88 [00:06<00:18,  3.53it/s, loss=1.061]
  epoch 2/3:  26%|██▌       | 23/88 [00:06<00:18,  3.53it/s, loss=1.061]
  epoch 2/3:  26%|██▌       | 23/88 [00:06<00:18,  3.53it/s, loss=1.033]
  epoch 2/3:  27%|██▋       | 24/88 [00:06<00:18,  3.49it/s, loss=1.033]
  epoch 2/3:  27%|██▋       | 24/88 [00:07<00:18,  3.49it/s, loss=1.032]
  epoch 2/3:  28%|██▊       | 25/88 [00:07<00:17,  3.51it/s, loss=1.032]
  epoch 2/3:  28%|██▊       | 25/88 [00:07<00:17,  3.51it/s, loss=0.993]
  epoch 2/3:  30%|██▉       | 26/88 [00:07<00:17,  3.54it/s, loss=0.993]
  epoch 2/3:  30%|██▉       | 26/88 [00:07<00:17,  3.54it/s, loss=1.004]
  epoch 2/3:  31%|███       | 27/88 [00:07<00:17,  3.54it/s, loss=1.004]
  epoch 2/3:  31%|███       | 27/88 [00:08<00:17,  3.54it/s, loss=1.032]
  epoch 2/3:  32%|███▏      | 28/88 [00:08<00:16,  3.54it/s, loss=1.032]
  epoch 2/3:  32%|███▏      | 28/88 [00:08<00:16,  3.54it/s, loss=1.043]
  epoch 2/3:  33%|███▎      | 29/88 [00:08<00:16,  3.53it/s, loss=1.043]
  epoch 2/3:  33%|███▎      | 29/88 [00:08<00:16,  3.53it/s, loss=1.034]
  epoch 2/3:  34%|███▍      | 30/88 [00:08<00:16,  3.58it/s, loss=1.034]
  epoch 2/3:  34%|███▍      | 30/88 [00:08<00:16,  3.58it/s, loss=1.013]
  epoch 2/3:  35%|███▌      | 31/88 [00:08<00:15,  3.58it/s, loss=1.013]
  epoch 2/3:  35%|███▌      | 31/88 [00:09<00:15,  3.58it/s, loss=0.989]
  epoch 2/3:  36%|███▋      | 32/88 [00:09<00:15,  3.57it/s, loss=0.989]
  epoch 2/3:  36%|███▋      | 32/88 [00:09<00:15,  3.57it/s, loss=0.973]
  epoch 2/3:  38%|███▊      | 33/88 [00:09<00:15,  3.55it/s, loss=0.973]
  epoch 2/3:  38%|███▊      | 33/88 [00:09<00:15,  3.55it/s, loss=0.974]
  epoch 2/3:  39%|███▊      | 34/88 [00:09<00:15,  3.54it/s, loss=0.974]
  epoch 2/3:  39%|███▊      | 34/88 [00:10<00:15,  3.54it/s, loss=0.946]
  epoch 2/3:  40%|███▉      | 35/88 [00:10<00:14,  3.54it/s, loss=0.946]
  epoch 2/3:  40%|███▉      | 35/88 [00:10<00:14,  3.54it/s, loss=0.953]
  epoch 2/3:  41%|████      | 36/88 [00:10<00:14,  3.53it/s, loss=0.953]
  epoch 2/3:  41%|████      | 36/88 [00:10<00:14,  3.53it/s, loss=0.940]
  epoch 2/3:  42%|████▏     | 37/88 [00:10<00:14,  3.53it/s, loss=0.940]
  epoch 2/3:  42%|████▏     | 37/88 [00:10<00:14,  3.53it/s, loss=0.948]
  epoch 2/3:  43%|████▎     | 38/88 [00:10<00:14,  3.53it/s, loss=0.948]
  epoch 2/3:  43%|████▎     | 38/88 [00:11<00:14,  3.53it/s, loss=0.936]
  epoch 2/3:  44%|████▍     | 39/88 [00:11<00:13,  3.53it/s, loss=0.936]
  epoch 2/3:  44%|████▍     | 39/88 [00:11<00:13,  3.53it/s, loss=0.912]
  epoch 2/3:  45%|████▌     | 40/88 [00:11<00:13,  3.47it/s, loss=0.912]
  epoch 2/3:  45%|████▌     | 40/88 [00:11<00:13,  3.47it/s, loss=0.897]
  epoch 2/3:  47%|████▋     | 41/88 [00:11<00:13,  3.50it/s, loss=0.897]
  epoch 2/3:  47%|████▋     | 41/88 [00:12<00:13,  3.50it/s, loss=0.912]
  epoch 2/3:  48%|████▊     | 42/88 [00:12<00:13,  3.53it/s, loss=0.912]
  epoch 2/3:  48%|████▊     | 42/88 [00:12<00:13,  3.53it/s, loss=0.909]
  epoch 2/3:  49%|████▉     | 43/88 [00:12<00:12,  3.54it/s, loss=0.909]
  epoch 2/3:  49%|████▉     | 43/88 [00:12<00:12,  3.54it/s, loss=0.893]
  epoch 2/3:  50%|█████     | 44/88 [00:12<00:12,  3.54it/s, loss=0.893]
  epoch 2/3:  50%|█████     | 44/88 [00:12<00:12,  3.54it/s, loss=0.892]
  epoch 2/3:  51%|█████     | 45/88 [00:12<00:12,  3.53it/s, loss=0.892]
  epoch 2/3:  51%|█████     | 45/88 [00:13<00:12,  3.53it/s, loss=0.885]
  epoch 2/3:  52%|█████▏    | 46/88 [00:13<00:11,  3.53it/s, loss=0.885]
  epoch 2/3:  52%|█████▏    | 46/88 [00:13<00:11,  3.53it/s, loss=0.901]
  epoch 2/3:  53%|█████▎    | 47/88 [00:13<00:11,  3.53it/s, loss=0.901]
  epoch 2/3:  53%|█████▎    | 47/88 [00:13<00:11,  3.53it/s, loss=0.911]
  epoch 2/3:  55%|█████▍    | 48/88 [00:13<00:11,  3.53it/s, loss=0.911]
  epoch 2/3:  55%|█████▍    | 48/88 [00:14<00:11,  3.53it/s, loss=0.934]
  epoch 2/3:  56%|█████▌    | 49/88 [00:14<00:10,  3.55it/s, loss=0.934]
  epoch 2/3:  56%|█████▌    | 49/88 [00:14<00:10,  3.55it/s, loss=0.920]
  epoch 2/3:  57%|█████▋    | 50/88 [00:14<00:10,  3.55it/s, loss=0.920]
  epoch 2/3:  57%|█████▋    | 50/88 [00:14<00:10,  3.55it/s, loss=0.935]
  epoch 2/3:  58%|█████▊    | 51/88 [00:14<00:10,  3.58it/s, loss=0.935]
  epoch 2/3:  58%|█████▊    | 51/88 [00:14<00:10,  3.58it/s, loss=0.919]
  epoch 2/3:  59%|█████▉    | 52/88 [00:14<00:10,  3.57it/s, loss=0.919]
  epoch 2/3:  59%|█████▉    | 52/88 [00:15<00:10,  3.57it/s, loss=0.931]
  epoch 2/3:  60%|██████    | 53/88 [00:15<00:09,  3.58it/s, loss=0.931]
  epoch 2/3:  60%|██████    | 53/88 [00:15<00:09,  3.58it/s, loss=0.915]
  epoch 2/3:  61%|██████▏   | 54/88 [00:15<00:09,  3.57it/s, loss=0.915]
  epoch 2/3:  61%|██████▏   | 54/88 [00:15<00:09,  3.57it/s, loss=0.906]
  epoch 2/3:  62%|██████▎   | 55/88 [00:15<00:09,  3.60it/s, loss=0.906]
  epoch 2/3:  62%|██████▎   | 55/88 [00:15<00:09,  3.60it/s, loss=0.917]
  epoch 2/3:  64%|██████▎   | 56/88 [00:15<00:09,  3.54it/s, loss=0.917]
  epoch 2/3:  64%|██████▎   | 56/88 [00:16<00:09,  3.54it/s, loss=0.922]
  epoch 2/3:  65%|██████▍   | 57/88 [00:16<00:08,  3.56it/s, loss=0.922]
  epoch 2/3:  65%|██████▍   | 57/88 [00:16<00:08,  3.56it/s, loss=0.931]
  epoch 2/3:  66%|██████▌   | 58/88 [00:16<00:08,  3.57it/s, loss=0.931]
  epoch 2/3:  66%|██████▌   | 58/88 [00:16<00:08,  3.57it/s, loss=0.959]
  epoch 2/3:  67%|██████▋   | 59/88 [00:16<00:08,  3.58it/s, loss=0.959]
  epoch 2/3:  67%|██████▋   | 59/88 [00:17<00:08,  3.58it/s, loss=0.963]
  epoch 2/3:  68%|██████▊   | 60/88 [00:17<00:07,  3.60it/s, loss=0.963]
  epoch 2/3:  68%|██████▊   | 60/88 [00:17<00:07,  3.60it/s, loss=0.959]
  epoch 2/3:  69%|██████▉   | 61/88 [00:17<00:07,  3.59it/s, loss=0.959]
  epoch 2/3:  69%|██████▉   | 61/88 [00:17<00:07,  3.59it/s, loss=0.952]
  epoch 2/3:  70%|███████   | 62/88 [00:17<00:07,  3.61it/s, loss=0.952]
  epoch 2/3:  70%|███████   | 62/88 [00:17<00:07,  3.61it/s, loss=0.944]
  epoch 2/3:  72%|███████▏  | 63/88 [00:17<00:06,  3.62it/s, loss=0.944]
  epoch 2/3:  72%|███████▏  | 63/88 [00:18<00:06,  3.62it/s, loss=0.957]
  epoch 2/3:  73%|███████▎  | 64/88 [00:18<00:06,  3.63it/s, loss=0.957]
  epoch 2/3:  73%|███████▎  | 64/88 [00:18<00:06,  3.63it/s, loss=0.944]
  epoch 2/3:  74%|███████▍  | 65/88 [00:18<00:06,  3.64it/s, loss=0.944]
  epoch 2/3:  74%|███████▍  | 65/88 [00:18<00:06,  3.64it/s, loss=0.934]
  epoch 2/3:  75%|███████▌  | 66/88 [00:18<00:06,  3.64it/s, loss=0.934]
  epoch 2/3:  75%|███████▌  | 66/88 [00:19<00:06,  3.64it/s, loss=0.933]
  epoch 2/3:  76%|███████▌  | 67/88 [00:19<00:05,  3.64it/s, loss=0.933]
  epoch 2/3:  76%|███████▌  | 67/88 [00:19<00:05,  3.64it/s, loss=0.947]
  epoch 2/3:  77%|███████▋  | 68/88 [00:19<00:05,  3.65it/s, loss=0.947]
  epoch 2/3:  77%|███████▋  | 68/88 [00:19<00:05,  3.65it/s, loss=0.966]
  epoch 2/3:  78%|███████▊  | 69/88 [00:19<00:05,  3.65it/s, loss=0.966]
  epoch 2/3:  78%|███████▊  | 69/88 [00:19<00:05,  3.65it/s, loss=0.959]
  epoch 2/3:  80%|███████▉  | 70/88 [00:19<00:04,  3.66it/s, loss=0.959]
  epoch 2/3:  80%|███████▉  | 70/88 [00:20<00:04,  3.66it/s, loss=0.951]
  epoch 2/3:  81%|████████  | 71/88 [00:20<00:04,  3.70it/s, loss=0.951]
  epoch 2/3:  81%|████████  | 71/88 [00:20<00:04,  3.70it/s, loss=0.948]
  epoch 2/3:  82%|████████▏ | 72/88 [00:20<00:04,  3.71it/s, loss=0.948]
  epoch 2/3:  82%|████████▏ | 72/88 [00:20<00:04,  3.71it/s, loss=0.938]
  epoch 2/3:  83%|████████▎ | 73/88 [00:20<00:04,  3.72it/s, loss=0.938]
  epoch 2/3:  83%|████████▎ | 73/88 [00:20<00:04,  3.72it/s, loss=0.936]
  epoch 2/3:  84%|████████▍ | 74/88 [00:20<00:03,  3.72it/s, loss=0.936]
  epoch 2/3:  84%|████████▍ | 74/88 [00:21<00:03,  3.72it/s, loss=0.932]
  epoch 2/3:  85%|████████▌ | 75/88 [00:21<00:03,  3.71it/s, loss=0.932]
  epoch 2/3:  85%|████████▌ | 75/88 [00:21<00:03,  3.71it/s, loss=0.920]
  epoch 2/3:  86%|████████▋ | 76/88 [00:21<00:03,  3.69it/s, loss=0.920]
  epoch 2/3:  86%|████████▋ | 76/88 [00:21<00:03,  3.69it/s, loss=0.929]
  epoch 2/3:  88%|████████▊ | 77/88 [00:21<00:02,  3.69it/s, loss=0.929]
  epoch 2/3:  88%|████████▊ | 77/88 [00:22<00:02,  3.69it/s, loss=0.936]
  epoch 2/3:  89%|████████▊ | 78/88 [00:22<00:02,  3.67it/s, loss=0.936]
  epoch 2/3:  89%|████████▊ | 78/88 [00:22<00:02,  3.67it/s, loss=0.925]
  epoch 2/3:  90%|████████▉ | 79/88 [00:22<00:02,  3.65it/s, loss=0.925]
  epoch 2/3:  90%|████████▉ | 79/88 [00:22<00:02,  3.65it/s, loss=0.919]
  epoch 2/3:  91%|█████████ | 80/88 [00:22<00:02,  3.66it/s, loss=0.919]
  epoch 2/3:  91%|█████████ | 80/88 [00:22<00:02,  3.66it/s, loss=0.914]
  epoch 2/3:  92%|█████████▏| 81/88 [00:22<00:01,  3.66it/s, loss=0.914]
  epoch 2/3:  92%|█████████▏| 81/88 [00:23<00:01,  3.66it/s, loss=0.907]
  epoch 2/3:  93%|█████████▎| 82/88 [00:23<00:01,  3.67it/s, loss=0.907]
  epoch 2/3:  93%|█████████▎| 82/88 [00:23<00:01,  3.67it/s, loss=0.911]
  epoch 2/3:  94%|█████████▍| 83/88 [00:23<00:01,  3.73it/s, loss=0.911]
  epoch 2/3:  94%|█████████▍| 83/88 [00:23<00:01,  3.73it/s, loss=0.901]
  epoch 2/3:  95%|█████████▌| 84/88 [00:23<00:01,  3.73it/s, loss=0.901]
  epoch 2/3:  95%|█████████▌| 84/88 [00:23<00:01,  3.73it/s, loss=0.891]
  epoch 2/3:  97%|█████████▋| 85/88 [00:23<00:00,  3.73it/s, loss=0.891]
  epoch 2/3:  97%|█████████▋| 85/88 [00:24<00:00,  3.73it/s, loss=0.881]
  epoch 2/3:  98%|█████████▊| 86/88 [00:24<00:00,  3.73it/s, loss=0.881]
  epoch 2/3:  98%|█████████▊| 86/88 [00:24<00:00,  3.73it/s, loss=0.875]
  epoch 2/3:  99%|█████████▉| 87/88 [00:24<00:00,  3.73it/s, loss=0.875]
  epoch 2/3:  99%|█████████▉| 87/88 [00:24<00:00,  3.73it/s, loss=0.876]
  epoch 2/3: 100%|██████████| 88/88 [00:24<00:00,  4.03it/s, loss=0.876]
                                                                        

  epoch 3/3:   0%|          | 0/88 [00:00<?, ?it/s]
  epoch 3/3:   0%|          | 0/88 [00:00<?, ?it/s, loss=0.235]
  epoch 3/3:   1%|          | 1/88 [00:00<00:41,  2.12it/s, loss=0.235]
  epoch 3/3:   1%|          | 1/88 [00:00<00:41,  2.12it/s, loss=0.978]
  epoch 3/3:   2%|▏         | 2/88 [00:00<00:30,  2.84it/s, loss=0.978]
  epoch 3/3:   2%|▏         | 2/88 [00:01<00:30,  2.84it/s, loss=0.658]
  epoch 3/3:   3%|▎         | 3/88 [00:01<00:26,  3.19it/s, loss=0.658]
  epoch 3/3:   3%|▎         | 3/88 [00:01<00:26,  3.19it/s, loss=0.509]
  epoch 3/3:   5%|▍         | 4/88 [00:01<00:24,  3.38it/s, loss=0.509]
  epoch 3/3:   5%|▍         | 4/88 [00:01<00:24,  3.38it/s, loss=0.462]
  epoch 3/3:   6%|▌         | 5/88 [00:01<00:23,  3.50it/s, loss=0.462]
  epoch 3/3:   6%|▌         | 5/88 [00:01<00:23,  3.50it/s, loss=0.413]
  epoch 3/3:   7%|▋         | 6/88 [00:01<00:22,  3.58it/s, loss=0.413]
  epoch 3/3:   7%|▋         | 6/88 [00:02<00:22,  3.58it/s, loss=0.460]
  epoch 3/3:   8%|▊         | 7/88 [00:02<00:22,  3.61it/s, loss=0.460]
  epoch 3/3:   8%|▊         | 7/88 [00:02<00:22,  3.61it/s, loss=0.511]
  epoch 3/3:   9%|▉         | 8/88 [00:02<00:21,  3.64it/s, loss=0.511]
  epoch 3/3:   9%|▉         | 8/88 [00:02<00:21,  3.64it/s, loss=0.480]
  epoch 3/3:  10%|█         | 9/88 [00:02<00:21,  3.69it/s, loss=0.480]
  epoch 3/3:  10%|█         | 9/88 [00:02<00:21,  3.69it/s, loss=0.466]
  epoch 3/3:  11%|█▏        | 10/88 [00:02<00:21,  3.69it/s, loss=0.466]
  epoch 3/3:  11%|█▏        | 10/88 [00:03<00:21,  3.69it/s, loss=0.439]
  epoch 3/3:  12%|█▎        | 11/88 [00:03<00:20,  3.70it/s, loss=0.439]
  epoch 3/3:  12%|█▎        | 11/88 [00:03<00:20,  3.70it/s, loss=0.548]
  epoch 3/3:  14%|█▎        | 12/88 [00:03<00:20,  3.71it/s, loss=0.548]
  epoch 3/3:  14%|█▎        | 12/88 [00:03<00:20,  3.71it/s, loss=0.561]
  epoch 3/3:  15%|█▍        | 13/88 [00:03<00:19,  3.75it/s, loss=0.561]
  epoch 3/3:  15%|█▍        | 13/88 [00:03<00:19,  3.75it/s, loss=0.539]
  epoch 3/3:  16%|█▌        | 14/88 [00:03<00:19,  3.76it/s, loss=0.539]
  epoch 3/3:  16%|█▌        | 14/88 [00:04<00:19,  3.76it/s, loss=0.562]
  epoch 3/3:  17%|█▋        | 15/88 [00:04<00:19,  3.75it/s, loss=0.562]
  epoch 3/3:  17%|█▋        | 15/88 [00:04<00:19,  3.75it/s, loss=0.623]
  epoch 3/3:  18%|█▊        | 16/88 [00:04<00:19,  3.69it/s, loss=0.623]
  epoch 3/3:  18%|█▊        | 16/88 [00:04<00:19,  3.69it/s, loss=0.669]
  epoch 3/3:  19%|█▉        | 17/88 [00:04<00:19,  3.73it/s, loss=0.669]
  epoch 3/3:  19%|█▉        | 17/88 [00:05<00:19,  3.73it/s, loss=0.736]
  epoch 3/3:  20%|██        | 18/88 [00:05<00:18,  3.75it/s, loss=0.736]
  epoch 3/3:  20%|██        | 18/88 [00:05<00:18,  3.75it/s, loss=0.773]
  epoch 3/3:  22%|██▏       | 19/88 [00:05<00:18,  3.74it/s, loss=0.773]
  epoch 3/3:  22%|██▏       | 19/88 [00:05<00:18,  3.74it/s, loss=0.854]
  epoch 3/3:  23%|██▎       | 20/88 [00:05<00:18,  3.75it/s, loss=0.854]
  epoch 3/3:  23%|██▎       | 20/88 [00:05<00:18,  3.75it/s, loss=0.835]
  epoch 3/3:  24%|██▍       | 21/88 [00:05<00:17,  3.77it/s, loss=0.835]
  epoch 3/3:  24%|██▍       | 21/88 [00:06<00:17,  3.77it/s, loss=0.915]
  epoch 3/3:  25%|██▌       | 22/88 [00:06<00:17,  3.80it/s, loss=0.915]
  epoch 3/3:  25%|██▌       | 22/88 [00:06<00:17,  3.80it/s, loss=0.992]
  epoch 3/3:  26%|██▌       | 23/88 [00:06<00:17,  3.80it/s, loss=0.992]
  epoch 3/3:  26%|██▌       | 23/88 [00:06<00:17,  3.80it/s, loss=0.959]
  epoch 3/3:  27%|██▋       | 24/88 [00:06<00:16,  3.82it/s, loss=0.959]
  epoch 3/3:  27%|██▋       | 24/88 [00:06<00:16,  3.82it/s, loss=0.989]
  epoch 3/3:  28%|██▊       | 25/88 [00:06<00:16,  3.81it/s, loss=0.989]
  epoch 3/3:  28%|██▊       | 25/88 [00:07<00:16,  3.81it/s, loss=0.953]
  epoch 3/3:  30%|██▉       | 26/88 [00:07<00:16,  3.78it/s, loss=0.953]
  epoch 3/3:  30%|██▉       | 26/88 [00:07<00:16,  3.78it/s, loss=0.918]
  epoch 3/3:  31%|███       | 27/88 [00:07<00:15,  3.81it/s, loss=0.918]
  epoch 3/3:  31%|███       | 27/88 [00:07<00:15,  3.81it/s, loss=0.891]
  epoch 3/3:  32%|███▏      | 28/88 [00:07<00:15,  3.81it/s, loss=0.891]
  epoch 3/3:  32%|███▏      | 28/88 [00:07<00:15,  3.81it/s, loss=0.898]
  epoch 3/3:  33%|███▎      | 29/88 [00:07<00:15,  3.83it/s, loss=0.898]
  epoch 3/3:  33%|███▎      | 29/88 [00:08<00:15,  3.83it/s, loss=0.886]
  epoch 3/3:  34%|███▍      | 30/88 [00:08<00:14,  3.88it/s, loss=0.886]
  epoch 3/3:  34%|███▍      | 30/88 [00:08<00:14,  3.88it/s, loss=0.898]
  epoch 3/3:  35%|███▌      | 31/88 [00:08<00:14,  3.86it/s, loss=0.898]
  epoch 3/3:  35%|███▌      | 31/88 [00:08<00:14,  3.86it/s, loss=0.912]
  epoch 3/3:  36%|███▋      | 32/88 [00:08<00:14,  3.79it/s, loss=0.912]
  epoch 3/3:  36%|███▋      | 32/88 [00:08<00:14,  3.79it/s, loss=0.895]
  epoch 3/3:  38%|███▊      | 33/88 [00:08<00:14,  3.78it/s, loss=0.895]
  epoch 3/3:  38%|███▊      | 33/88 [00:09<00:14,  3.78it/s, loss=0.878]
  epoch 3/3:  39%|███▊      | 34/88 [00:09<00:14,  3.84it/s, loss=0.878]
  epoch 3/3:  39%|███▊      | 34/88 [00:09<00:14,  3.84it/s, loss=0.862]
  epoch 3/3:  40%|███▉      | 35/88 [00:09<00:13,  3.83it/s, loss=0.862]
  epoch 3/3:  40%|███▉      | 35/88 [00:09<00:13,  3.83it/s, loss=0.842]
  epoch 3/3:  41%|████      | 36/88 [00:09<00:13,  3.81it/s, loss=0.842]
  epoch 3/3:  41%|████      | 36/88 [00:10<00:13,  3.81it/s, loss=0.839]
  epoch 3/3:  42%|████▏     | 37/88 [00:10<00:13,  3.79it/s, loss=0.839]
  epoch 3/3:  42%|████▏     | 37/88 [00:10<00:13,  3.79it/s, loss=0.924]
  epoch 3/3:  43%|████▎     | 38/88 [00:10<00:13,  3.78it/s, loss=0.924]
  epoch 3/3:  43%|████▎     | 38/88 [00:10<00:13,  3.78it/s, loss=0.977]
  epoch 3/3:  44%|████▍     | 39/88 [00:10<00:12,  3.78it/s, loss=0.977]
  epoch 3/3:  44%|████▍     | 39/88 [00:10<00:12,  3.78it/s, loss=1.000]
  epoch 3/3:  45%|████▌     | 40/88 [00:10<00:12,  3.80it/s, loss=1.000]
  epoch 3/3:  45%|████▌     | 40/88 [00:11<00:12,  3.80it/s, loss=1.006]
  epoch 3/3:  47%|████▋     | 41/88 [00:11<00:12,  3.80it/s, loss=1.006]
  epoch 3/3:  47%|████▋     | 41/88 [00:11<00:12,  3.80it/s, loss=0.998]
  epoch 3/3:  48%|████▊     | 42/88 [00:11<00:12,  3.79it/s, loss=0.998]
  epoch 3/3:  48%|████▊     | 42/88 [00:11<00:12,  3.79it/s, loss=1.008]
  epoch 3/3:  49%|████▉     | 43/88 [00:11<00:11,  3.79it/s, loss=1.008]
  epoch 3/3:  49%|████▉     | 43/88 [00:11<00:11,  3.79it/s, loss=0.991]
  epoch 3/3:  50%|█████     | 44/88 [00:11<00:11,  3.80it/s, loss=0.991]
  epoch 3/3:  50%|█████     | 44/88 [00:12<00:11,  3.80it/s, loss=0.978]
  epoch 3/3:  51%|█████     | 45/88 [00:12<00:11,  3.80it/s, loss=0.978]
  epoch 3/3:  51%|█████     | 45/88 [00:12<00:11,  3.80it/s, loss=0.965]
  epoch 3/3:  52%|█████▏    | 46/88 [00:12<00:11,  3.80it/s, loss=0.965]
  epoch 3/3:  52%|█████▏    | 46/88 [00:12<00:11,  3.80it/s, loss=0.955]
  epoch 3/3:  53%|█████▎    | 47/88 [00:12<00:10,  3.84it/s, loss=0.955]
  epoch 3/3:  53%|█████▎    | 47/88 [00:12<00:10,  3.84it/s, loss=0.994]
  epoch 3/3:  55%|█████▍    | 48/88 [00:12<00:10,  3.80it/s, loss=0.994]
  epoch 3/3:  55%|█████▍    | 48/88 [00:13<00:10,  3.80it/s, loss=0.990]
  epoch 3/3:  56%|█████▌    | 49/88 [00:13<00:10,  3.79it/s, loss=0.990]
  epoch 3/3:  56%|█████▌    | 49/88 [00:13<00:10,  3.79it/s, loss=0.988]
  epoch 3/3:  57%|█████▋    | 50/88 [00:13<00:10,  3.78it/s, loss=0.988]
  epoch 3/3:  57%|█████▋    | 50/88 [00:13<00:10,  3.78it/s, loss=1.008]
  epoch 3/3:  58%|█████▊    | 51/88 [00:13<00:09,  3.78it/s, loss=1.008]
  epoch 3/3:  58%|█████▊    | 51/88 [00:13<00:09,  3.78it/s, loss=1.012]
  epoch 3/3:  59%|█████▉    | 52/88 [00:13<00:09,  3.79it/s, loss=1.012]
  epoch 3/3:  59%|█████▉    | 52/88 [00:14<00:09,  3.79it/s, loss=0.993]
  epoch 3/3:  60%|██████    | 53/88 [00:14<00:09,  3.79it/s, loss=0.993]
  epoch 3/3:  60%|██████    | 53/88 [00:14<00:09,  3.79it/s, loss=0.985]
  epoch 3/3:  61%|██████▏   | 54/88 [00:14<00:08,  3.84it/s, loss=0.985]
  epoch 3/3:  61%|██████▏   | 54/88 [00:14<00:08,  3.84it/s, loss=0.987]
  epoch 3/3:  62%|██████▎   | 55/88 [00:14<00:08,  3.85it/s, loss=0.987]
  epoch 3/3:  62%|██████▎   | 55/88 [00:14<00:08,  3.85it/s, loss=0.985]
  epoch 3/3:  64%|██████▎   | 56/88 [00:14<00:08,  3.85it/s, loss=0.985]
  epoch 3/3:  64%|██████▎   | 56/88 [00:15<00:08,  3.85it/s, loss=0.968]
  epoch 3/3:  65%|██████▍   | 57/88 [00:15<00:08,  3.83it/s, loss=0.968]
  epoch 3/3:  65%|██████▍   | 57/88 [00:15<00:08,  3.83it/s, loss=0.952]
  epoch 3/3:  66%|██████▌   | 58/88 [00:15<00:07,  3.83it/s, loss=0.952]
  epoch 3/3:  66%|██████▌   | 58/88 [00:15<00:07,  3.83it/s, loss=0.936]
  epoch 3/3:  67%|██████▋   | 59/88 [00:15<00:07,  3.81it/s, loss=0.936]
  epoch 3/3:  67%|██████▋   | 59/88 [00:16<00:07,  3.81it/s, loss=0.926]
  epoch 3/3:  68%|██████▊   | 60/88 [00:16<00:07,  3.81it/s, loss=0.926]
  epoch 3/3:  68%|██████▊   | 60/88 [00:16<00:07,  3.81it/s, loss=0.947]
  epoch 3/3:  69%|██████▉   | 61/88 [00:16<00:07,  3.81it/s, loss=0.947]
  epoch 3/3:  69%|██████▉   | 61/88 [00:16<00:07,  3.81it/s, loss=0.978]
  epoch 3/3:  70%|███████   | 62/88 [00:16<00:06,  3.80it/s, loss=0.978]
  epoch 3/3:  70%|███████   | 62/88 [00:16<00:06,  3.80it/s, loss=1.012]
  epoch 3/3:  72%|███████▏  | 63/88 [00:16<00:06,  3.84it/s, loss=1.012]
  epoch 3/3:  72%|███████▏  | 63/88 [00:17<00:06,  3.84it/s, loss=0.996]
  epoch 3/3:  73%|███████▎  | 64/88 [00:17<00:06,  3.81it/s, loss=0.996]
  epoch 3/3:  73%|███████▎  | 64/88 [00:17<00:06,  3.81it/s, loss=1.033]
  epoch 3/3:  74%|███████▍  | 65/88 [00:17<00:06,  3.82it/s, loss=1.033]
  epoch 3/3:  74%|███████▍  | 65/88 [00:17<00:06,  3.82it/s, loss=1.037]
  epoch 3/3:  75%|███████▌  | 66/88 [00:17<00:05,  3.81it/s, loss=1.037]
  epoch 3/3:  75%|███████▌  | 66/88 [00:17<00:05,  3.81it/s, loss=1.032]
  epoch 3/3:  76%|███████▌  | 67/88 [00:17<00:05,  3.81it/s, loss=1.032]
  epoch 3/3:  76%|███████▌  | 67/88 [00:18<00:05,  3.81it/s, loss=1.029]
  epoch 3/3:  77%|███████▋  | 68/88 [00:18<00:05,  3.85it/s, loss=1.029]
  epoch 3/3:  77%|███████▋  | 68/88 [00:18<00:05,  3.85it/s, loss=1.040]
  epoch 3/3:  78%|███████▊  | 69/88 [00:18<00:04,  3.84it/s, loss=1.040]
  epoch 3/3:  78%|███████▊  | 69/88 [00:18<00:04,  3.84it/s, loss=1.050]
  epoch 3/3:  80%|███████▉  | 70/88 [00:18<00:04,  3.83it/s, loss=1.050]
  epoch 3/3:  80%|███████▉  | 70/88 [00:18<00:04,  3.83it/s, loss=1.041]
  epoch 3/3:  81%|████████  | 71/88 [00:18<00:04,  3.81it/s, loss=1.041]
  epoch 3/3:  81%|████████  | 71/88 [00:19<00:04,  3.81it/s, loss=1.029]
  epoch 3/3:  82%|████████▏ | 72/88 [00:19<00:04,  3.80it/s, loss=1.029]
  epoch 3/3:  82%|████████▏ | 72/88 [00:19<00:04,  3.80it/s, loss=1.016]
  epoch 3/3:  83%|████████▎ | 73/88 [00:19<00:03,  3.80it/s, loss=1.016]
  epoch 3/3:  83%|████████▎ | 73/88 [00:19<00:03,  3.80it/s, loss=1.019]
  epoch 3/3:  84%|████████▍ | 74/88 [00:19<00:03,  3.80it/s, loss=1.019]
  epoch 3/3:  84%|████████▍ | 74/88 [00:19<00:03,  3.80it/s, loss=1.026]
  epoch 3/3:  85%|████████▌ | 75/88 [00:19<00:03,  3.80it/s, loss=1.026]
  epoch 3/3:  85%|████████▌ | 75/88 [00:20<00:03,  3.80it/s, loss=1.017]
  epoch 3/3:  86%|████████▋ | 76/88 [00:20<00:03,  3.79it/s, loss=1.017]
  epoch 3/3:  86%|████████▋ | 76/88 [00:20<00:03,  3.79it/s, loss=1.004]
  epoch 3/3:  88%|████████▊ | 77/88 [00:20<00:02,  3.80it/s, loss=1.004]
  epoch 3/3:  88%|████████▊ | 77/88 [00:20<00:02,  3.80it/s, loss=1.009]
  epoch 3/3:  89%|████████▊ | 78/88 [00:20<00:02,  3.79it/s, loss=1.009]
  epoch 3/3:  89%|████████▊ | 78/88 [00:21<00:02,  3.79it/s, loss=1.032]
  epoch 3/3:  90%|████████▉ | 79/88 [00:21<00:02,  3.79it/s, loss=1.032]
  epoch 3/3:  90%|████████▉ | 79/88 [00:21<00:02,  3.79it/s, loss=1.042]
  epoch 3/3:  91%|█████████ | 80/88 [00:21<00:02,  3.75it/s, loss=1.042]
  epoch 3/3:  91%|█████████ | 80/88 [00:21<00:02,  3.75it/s, loss=1.050]
  epoch 3/3:  92%|█████████▏| 81/88 [00:21<00:01,  3.78it/s, loss=1.050]
  epoch 3/3:  92%|█████████▏| 81/88 [00:21<00:01,  3.78it/s, loss=1.039]
  epoch 3/3:  93%|█████████▎| 82/88 [00:21<00:01,  3.80it/s, loss=1.039]
  epoch 3/3:  93%|█████████▎| 82/88 [00:22<00:01,  3.80it/s, loss=1.029]
  epoch 3/3:  94%|█████████▍| 83/88 [00:22<00:01,  3.81it/s, loss=1.029]
  epoch 3/3:  94%|█████████▍| 83/88 [00:22<00:01,  3.81it/s, loss=1.026]
  epoch 3/3:  95%|█████████▌| 84/88 [00:22<00:01,  3.84it/s, loss=1.026]
  epoch 3/3:  95%|█████████▌| 84/88 [00:22<00:01,  3.84it/s, loss=1.038]
  epoch 3/3:  97%|█████████▋| 85/88 [00:22<00:00,  3.86it/s, loss=1.038]
  epoch 3/3:  97%|█████████▋| 85/88 [00:22<00:00,  3.86it/s, loss=1.056]
  epoch 3/3:  98%|█████████▊| 86/88 [00:22<00:00,  3.85it/s, loss=1.056]
  epoch 3/3:  98%|█████████▊| 86/88 [00:23<00:00,  3.85it/s, loss=1.051]
  epoch 3/3:  99%|█████████▉| 87/88 [00:23<00:00,  3.85it/s, loss=1.051]
  epoch 3/3:  99%|█████████▉| 87/88 [00:23<00:00,  3.85it/s, loss=1.045]
  epoch 3/3: 100%|██████████| 88/88 [00:23<00:00,  4.18it/s, loss=1.045]
                                                                        
[titans] reset=never | norm(state) sau task = 10039.9381
[titans]   self-mod v:β=0.97 |W|=57.45
[titans]   eta_t(avg)=42.0033  alpha_t/forget-gate(avg)=0.9960
Traceback (most recent call last):
  File "/home/an/RaybanMeta/uav-continual-learning/scripts/run_g1.py", line 283, in <module>
    raise SystemExit(main())
  File "/home/an/RaybanMeta/uav-continual-learning/scripts/run_g1.py", line 186, in main
    R, log = run_continual(model, method, stream, loaders, device, cfg["train"])
  File "/home/an/RaybanMeta/uav-continual-learning/src/uavcl/engine.py", line 196, in run_continual
    _validate_state_health(current_state_norm, previous_state_norm, train_cfg, t)
  File "/home/an/RaybanMeta/uav-continual-learning/src/uavcl/engine.py", line 240, in _validate_state_health
    raise FloatingPointError(
FloatingPointError: norm(state)=10039.9381 vượt ngưỡng 10000.0000 sau task 0
