
[2026-07-26 04:48:05] $ /usr/bin/python3 /home/an/RaybanMeta/uav-continual-learning/scripts/run_g1.py --config /home/an/RaybanMeta/uav-continual-learning/configs/g2_titans_resisc45_selfmod_m3_legacy.yaml --skip-existing --set seed=0 train.lr=0.001 train.eval_ncm_head=true train.max_state_norm=10000 train.max_state_norm_growth=10 data.name=synthetic data.split_protocol=synthetic_smoke data.num_classes=6 data.train_per_class=8 data.val_per_class=4 data.test_per_class=4 data.num_tasks=3 data.image_size=32 data.batch_size=8 data.num_workers=0 backbone.name=tinycnn backbone.pretrained=false memory.chunk_size=8 train.epochs_per_task=1 train.eval_future=false train.eval_ncm_head=false log.dir=/home/an/RaybanMeta/uav-continual-learning/artifacts/titan_m3_study log.run_tag=smoke-legacy
== G1 run: dataset=synthetic method=titans seed=0 device=cuda
task 0: 2 classes [class_2, class_4] | train 16 / val 8 / test 8
task 1: 2 classes [class_0, class_1] | train 16 / val 8 / test 8
task 2: 2 classes [class_3, class_5] | train 16 / val 8 / test 8
[titans] seq=image_seq reset=never chunk=8
[task 0] classes=[2, 4] | train=16

  epoch 1/1:   0%|          | 0/2 [00:00<?, ?it/s]
  epoch 1/1:   0%|          | 0/2 [00:02<?, ?it/s, loss=0.777]
  epoch 1/1:  50%|█████     | 1/2 [00:02<00:02,  2.32s/it, loss=0.777]
  epoch 1/1:  50%|█████     | 1/2 [00:02<00:02,  2.32s/it, loss=0.657]
  epoch 1/1: 100%|██████████| 2/2 [00:02<00:00,  1.03s/it, loss=0.657]
                                                                      
[titans] reset=never | norm(state) sau task = 39.5765
[titans]   self-mod v:β=1.00 |W|=0.03
[titans]   eta_t(avg)=-0.8499  alpha_t/forget-gate(avg)=0.4933
[task 0] test acc so far: 0.500
[task 1] classes=[0, 1] | train=16

  epoch 1/1:   0%|          | 0/2 [00:00<?, ?it/s]
  epoch 1/1:   0%|          | 0/2 [00:00<?, ?it/s, loss=0.783]
  epoch 1/1:   0%|          | 0/2 [00:00<?, ?it/s, loss=0.709]
  epoch 1/1: 100%|██████████| 2/2 [00:00<00:00, 17.43it/s, loss=0.709]
                                                                      
[titans] reset=never | norm(state) sau task = 45.0002
[titans]   self-mod v:β=1.00 |W|=0.07
[titans]   eta_t(avg)=-0.7979  alpha_t/forget-gate(avg)=0.5132
[task 1] test acc so far: 0.500  0.000
[task 2] classes=[3, 5] | train=16

  epoch 1/1:   0%|          | 0/2 [00:00<?, ?it/s]
  epoch 1/1:   0%|          | 0/2 [00:00<?, ?it/s, loss=0.841]
  epoch 1/1:   0%|          | 0/2 [00:00<?, ?it/s, loss=0.797]
  epoch 1/1: 100%|██████████| 2/2 [00:00<00:00, 17.79it/s, loss=0.797]
                                                                      
[titans] reset=never | norm(state) sau task = 46.2797
[titans]   self-mod v:β=1.00 |W|=0.09
[titans]   eta_t(avg)=-0.8591  alpha_t/forget-gate(avg)=0.4933
[task 2] test acc so far: 0.375  0.125  0.375
  memory_state.pt đã lưu (norm=46.2797)

== Ma trận accuracy (hàng = sau khi học task i, cột = đánh giá task j)
[[0.5   0.    0.   ]
 [0.5   0.    0.   ]
 [0.375 0.125 0.375]]

== Kết quả
  Average Accuracy   : 0.2917  (cao = tốt)
  Average Forgetting : 0.0000  (thấp = tốt — con số dự án cần giảm)
  Backward Transfer  : 0.0000  (âm = quên)
  Saved -> /home/an/RaybanMeta/uav-continual-learning/artifacts/titan_m3_study/results/synthetic_titans_seed0_smoke-legacy_m3_delta_rms_f16_lr0.001_rnever_splitsynthetic_smoke
